<html>
<body>
<pre>
<h1>µVision Build Log</h1>
<h2>Project:</h2>
I:\Win\Desktop\Space Invaders\ece353_base_project.uvproj
Project File Date:  11/20/2013

<h2>Output:</h2>
Rebuild target 'base_project'
assembling Startup.s...
compiling main.c...
main.c(107): error:  #119: cast to type "UART_CONFIG" is not allowed
main.c(110): error:  #20: identifier "ourUart" is undefined
Target not created
Rebuild target 'base_project'
assembling Startup.s...
compiling main.c...
main.c(110): error:  #20: identifier "ourUart" is undefined
Target not created
Rebuild target 'base_project'
assembling Startup.s...
compiling main.c...
main.c(110): error:  #31: expression must have integral type
main.c(132): error:  #31: expression must have integral type
Target not created
Rebuild target 'base_project'
assembling Startup.s...
compiling main.c...
linking...
ece353_base_project.axf: Error: L6218E: Undefined symbol initializeSysTick (referred from main.o).
Target not created
Rebuild target 'base_project'
assembling Startup.s...
compiling main.c...
compiling systick.c...
linking...
Program Size: Code=1740 RO-data=32 RW-data=180 ZI-data=4100  
"ece353_base_project.axf" - 0 Error(s), 0 Warning(s).
Rebuild target 'base_project'
assembling Startup.s...
compiling main.c...
compiling systick.c...
linking...
Program Size: Code=1760 RO-data=32 RW-data=180 ZI-data=4100  
"ece353_base_project.axf" - 0 Error(s), 0 Warning(s).
Rebuild target 'base_project'
assembling Startup.s...
compiling main.c...
main.c(96): error:  #20: identifier "outPort" is undefined
main.c(159): warning:  #223-D: function "sysTickWait1mS" declared implicitly
compiling systick.c...
Target not created
Rebuild target 'base_project'
assembling Startup.s...
compiling main.c...
main.c(159): warning:  #223-D: function "sysTickWait1mS" declared implicitly
compiling systick.c...
linking...
ece353_base_project.axf: Error: L6218E: Undefined symbol sysTickWait1mS (referred from main.o).
Target not created
Rebuild target 'base_project'
assembling Startup.s...
compiling main.c...
main.c(157): warning:  #550-D: variable "delay" was set but never used
compiling systick.c...
linking...
Program Size: Code=1964 RO-data=32 RW-data=180 ZI-data=4100  
"ece353_base_project.axf" - 0 Error(s), 1 Warning(s).
