ARM Linker, 4.1 [Build 894] [Evaluation]

==============================================================================

Section Cross References

    startup.o(RESET) refers to startup.o(STACK) for StackMem
    startup.o(RESET) refers to systick.o(.text) for SYSTICKIntHandler
    startup.o(RESET) refers to entry.o(.ARM.Collect$$$$00000000) for __main
    startup.o(.text) refers to startup.o(HEAP) for __heap_base
    startup.o(.text) refers to startup.o(STACK) for StackMem
    main.o(.text) refers to main.o(.data) for GpioPortA
    main.o(.text) refers to pll.o(.text) for PLL_Init
    main.o(.text) refers to portc_init.o(.text) for initPortC
    main.o(.text) refers to systick.o(.text) for initializeSysTick
    systick.o(.text) refers to systick.o(.data) for SysTickAlert
    entry.o(.ARM.Collect$$$$00000000) refers (Special) to entry7b.o(.ARM.Collect$$$$00000008) for _main_clock
    entry.o(.ARM.Collect$$$$00000000) refers (Special) to entry8.o(.ARM.Collect$$$$00000009) for _main_init
    entry.o(.ARM.Collect$$$$00000000) refers (Special) to entry5.o(.ARM.Collect$$$$00000004) for _main_scatterload
    entry.o(.ARM.Collect$$$$00000000) refers (Special) to entry2.o(.ARM.Collect$$$$00000001) for _main_stk
    entry2.o(.ARM.Collect$$$$00000001) refers to entry2.o(.ARM.Collect$$$$00002712) for __lit__00000000
    entry2.o(.ARM.Collect$$$$00002712) refers to startup.o(STACK) for __initial_sp
    entry2.o(__vectab_stack_and_reset_area) refers to startup.o(STACK) for __initial_sp
    entry2.o(__vectab_stack_and_reset_area) refers to entry.o(.ARM.Collect$$$$00000000) for __main
    entry5.o(.ARM.Collect$$$$00000004) refers to init.o(.text) for __scatterload
    entry8.o(.ARM.Collect$$$$00000009) refers to main.o(.text) for main
    init.o(.text) refers to entry5.o(.ARM.Collect$$$$00000004) for __main_after_scatterload


==============================================================================

Removing Unused input sections from the image.

    Removing startup.o(HEAP), (4096 bytes).
    Removing startup.o(.text), (68 bytes).
    Removing main.o(.bss), (20 bytes).

3 unused section(s) (total 4184 bytes) removed from the image.

==============================================================================

Image Symbol Table

    Local Symbols

    Symbol Name                              Value     Ov Type        Size  Object(Section)

    RESET                                    0x00000000   Section      252  startup.o(RESET)
    ../../microlib/init/entry.s              0x00000000   Number         0  entry8.o ABSOLUTE
    ../../microlib/init/entry.s              0x00000000   Number         0  entry7b.o ABSOLUTE
    ../../microlib/init/entry.s              0x00000000   Number         0  entry7a.o ABSOLUTE
    ../../microlib/init/entry.s              0x00000000   Number         0  entry2.o ABSOLUTE
    ../../microlib/init/entry.s              0x00000000   Number         0  entry5.o ABSOLUTE
    ../../microlib/init/entry.s              0x00000000   Number         0  entry.o ABSOLUTE
    PLL.c                                    0x00000000   Number         0  pll.o ABSOLUTE
    Startup.s                                0x00000000   Number         0  startup.o ABSOLUTE
    dc.s                                     0x00000000   Number         0  dc.o ABSOLUTE
    handlers.s                               0x00000000   Number         0  handlers.o ABSOLUTE
    init.s                                   0x00000000   Number         0  init.o ABSOLUTE
    main.c                                   0x00000000   Number         0  main.o ABSOLUTE
    portc_init.c                             0x00000000   Number         0  portc_init.o ABSOLUTE
    systick.c                                0x00000000   Number         0  systick.o ABSOLUTE
    $v0                                      0x000000f0   Number         0  startup.o(RESET)
    NmiSR                                    0x000000f5   Thumb Code     0  startup.o(RESET)
    FaultISR                                 0x000000f7   Thumb Code     0  startup.o(RESET)
    IntDefaultHandler                        0x000000f9   Thumb Code     0  startup.o(RESET)
    .ARM.Collect$$$$00000000                 0x000000fc   Section        0  entry.o(.ARM.Collect$$$$00000000)
    .ARM.Collect$$$$00000001                 0x000000fc   Section        4  entry2.o(.ARM.Collect$$$$00000001)
    .ARM.Collect$$$$00000004                 0x00000100   Section        4  entry5.o(.ARM.Collect$$$$00000004)
    .ARM.Collect$$$$00000008                 0x00000104   Section        0  entry7b.o(.ARM.Collect$$$$00000008)
    .ARM.Collect$$$$00000009                 0x00000104   Section        8  entry8.o(.ARM.Collect$$$$00000009)
    .ARM.Collect$$$$00002712                 0x0000010c   Section        4  entry2.o(.ARM.Collect$$$$00002712)
    __lit__00000000                          0x0000010c   Data           4  entry2.o(.ARM.Collect$$$$00002712)
    .text                                    0x00000110   Section        0  main.o(.text)
    .text                                    0x0000064c   Section        0  systick.o(.text)
    .text                                    0x00000688   Section        0  pll.o(.text)
    .text                                    0x00000714   Section        0  portc_init.o(.text)
    .text                                    0x00000768   Section       36  init.o(.text)
    i.__scatterload_copy                     0x0000078c   Section       14  handlers.o(i.__scatterload_copy)
    i.__scatterload_null                     0x0000079a   Section        2  handlers.o(i.__scatterload_null)
    i.__scatterload_zeroinit                 0x0000079c   Section       14  handlers.o(i.__scatterload_zeroinit)
    .data                                    0x20000000   Section      177  main.o(.data)
    SW2_State                                0x200000ac   Data           1  main.o(.data)
    SW3_State                                0x200000ad   Data           1  main.o(.data)
    SW4_State                                0x200000ae   Data           1  main.o(.data)
    SW5_State                                0x200000af   Data           1  main.o(.data)
    SW6_State                                0x200000b0   Data           1  main.o(.data)
    .data                                    0x200000b1   Section        1  systick.o(.data)
    STACK                                    0x200000b8   Section     4096  startup.o(STACK)
    StackMem                                 0x200000b8   Data           0  startup.o(STACK)

    Global Symbols

    Symbol Name                              Value     Ov Type        Size  Object(Section)

    BuildAttributes$$THM_ISAv4$E$P$D$K$B$S$7EM$VFPi3$EXTD16$VFPS$VFMA$PE$A:L22UL41UL21$X:L11$S22US41US21$IEEE1$IW$USESV6$~STKCKD$USESV7$~SHL$OSPACE$EBA8$MICROLIB$REQ8$PRES8$EABIv2 0x00000000   Number         0  anon$$obj.o ABSOLUTE
    __ARM_use_no_argv                        0x00000000   Number         0  main.o ABSOLUTE
    __Vectors                                0x00000000   Data           0  startup.o(RESET)
    __decompress                              - Undefined Weak Reference
    _clock_init                               - Undefined Weak Reference
    Reset_Handler                            0x000000f1   Thumb Code     0  startup.o(RESET)
    __main                                   0x000000fd   Thumb Code     0  entry.o(.ARM.Collect$$$$00000000)
    _main_stk                                0x000000fd   Thumb Code     0  entry2.o(.ARM.Collect$$$$00000001)
    _main_scatterload                        0x00000101   Thumb Code     0  entry5.o(.ARM.Collect$$$$00000004)
    __main_after_scatterload                 0x00000105   Thumb Code     0  entry5.o(.ARM.Collect$$$$00000004)
    _main_clock                              0x00000105   Thumb Code     0  entry7b.o(.ARM.Collect$$$$00000008)
    _main_init                               0x00000105   Thumb Code     0  entry8.o(.ARM.Collect$$$$00000009)
    gpioPortInit                             0x00000111   Thumb Code   212  main.o(.text)
    UART_Init                                0x000001e5   Thumb Code   142  main.o(.text)
    initializeADC                            0x00000273   Thumb Code    68  main.o(.text)
    GetADCval                                0x000002b7   Thumb Code    54  main.o(.text)
    sw2func                                  0x000002ed   Thumb Code     2  main.o(.text)
    sw3func                                  0x000002ef   Thumb Code     2  main.o(.text)
    sw4func                                  0x000002f1   Thumb Code     2  main.o(.text)
    sw5func                                  0x000002f3   Thumb Code     2  main.o(.text)
    sw6func                                  0x000002f5   Thumb Code     2  main.o(.text)
    pushButtonHandler                        0x000002f7   Thumb Code   222  main.o(.text)
    draw                                     0x000003d5   Thumb Code   224  main.o(.text)
    clearDisp                                0x000004b5   Thumb Code   238  main.o(.text)
    main                                     0x000005a3   Thumb Code   130  main.o(.text)
    SYSTICKIntHandler                        0x0000064d   Thumb Code    14  systick.o(.text)
    initializeSysTick                        0x0000065b   Thumb Code    42  systick.o(.text)
    PLL_Init                                 0x00000689   Thumb Code   134  pll.o(.text)
    initPortC                                0x00000715   Thumb Code    56  portc_init.o(.text)
    __scatterload                            0x00000769   Thumb Code    28  init.o(.text)
    __scatterload_rt2                        0x00000769   Thumb Code     0  init.o(.text)
    __scatterload_copy                       0x0000078d   Thumb Code    14  handlers.o(i.__scatterload_copy)
    __scatterload_null                       0x0000079b   Thumb Code     2  handlers.o(i.__scatterload_null)
    __scatterload_zeroinit                   0x0000079d   Thumb Code    14  handlers.o(i.__scatterload_zeroinit)
    Region$$Table$$Base                      0x000007ac   Number         0  anon$$obj.o(Region$$Table)
    Region$$Table$$Limit                     0x000007cc   Number         0  anon$$obj.o(Region$$Table)
    portA_config                             0x20000000   Data          20  main.o(.data)
    portB_config                             0x20000014   Data          20  main.o(.data)
    portC_config                             0x20000028   Data          20  main.o(.data)
    portD_config                             0x2000003c   Data          20  main.o(.data)
    portF_config                             0x20000050   Data          20  main.o(.data)
    UART0_config                             0x20000064   Data          24  main.o(.data)
    teamNumber                               0x2000007c   Data           3  main.o(.data)
    teamMembers                              0x2000007f   Data          18  main.o(.data)
    GpioPortA                                0x20000094   Data           4  main.o(.data)
    GpioPortB                                0x20000098   Data           4  main.o(.data)
    GpioPortC                                0x2000009c   Data           4  main.o(.data)
    GpioPortD                                0x200000a0   Data           4  main.o(.data)
    GpioPortE                                0x200000a4   Data           4  main.o(.data)
    GpioPortF                                0x200000a8   Data           4  main.o(.data)
    SysTickAlert                             0x200000b1   Data           1  systick.o(.data)
    __initial_sp                             0x200010b8   Data           0  startup.o(STACK)



==============================================================================

Memory Map of the image

  Image Entry point : 0x000000fd

  Load Region LR_IROM (Base: 0x00000000, Size: 0x00000880, Max: 0x00040000, ABSOLUTE)

    Execution Region ER_IROM (Base: 0x00000000, Size: 0x000007cc, Max: 0x00040000, ABSOLUTE)

    Base Addr    Size         Type   Attr      Idx    E Section Name        Object

    0x00000000   0x000000fc   Code   RO            3    RESET               startup.o
    0x000000fc   0x00000000   Code   RO          114  * .ARM.Collect$$$$00000000  mc_w.l(entry.o)
    0x000000fc   0x00000004   Code   RO          117    .ARM.Collect$$$$00000001  mc_w.l(entry2.o)
    0x00000100   0x00000004   Code   RO          120    .ARM.Collect$$$$00000004  mc_w.l(entry5.o)
    0x00000104   0x00000000   Code   RO          122    .ARM.Collect$$$$00000008  mc_w.l(entry7b.o)
    0x00000104   0x00000008   Code   RO          123    .ARM.Collect$$$$00000009  mc_w.l(entry8.o)
    0x0000010c   0x00000004   Code   RO          118    .ARM.Collect$$$$00002712  mc_w.l(entry2.o)
    0x00000110   0x0000053c   Code   RO           11    .text               main.o
    0x0000064c   0x0000003c   Code   RO           63    .text               systick.o
    0x00000688   0x0000008c   Code   RO           78    .text               pll.lib(pll.o)
    0x00000714   0x00000054   Code   RO           93    .text               portC_init.lib(portc_init.o)
    0x00000768   0x00000024   Code   RO          124    .text               mc_w.l(init.o)
    0x0000078c   0x0000000e   Code   RO          128    i.__scatterload_copy  mc_w.l(handlers.o)
    0x0000079a   0x00000002   Code   RO          129    i.__scatterload_null  mc_w.l(handlers.o)
    0x0000079c   0x0000000e   Code   RO          130    i.__scatterload_zeroinit  mc_w.l(handlers.o)
    0x000007aa   0x00000002   PAD
    0x000007ac   0x00000020   Data   RO          126    Region$$Table       anon$$obj.o


    Execution Region RW_IRAM (Base: 0x20000000, Size: 0x000010b8, Max: 0x00010000, ABSOLUTE)

    Base Addr    Size         Type   Attr      Idx    E Section Name        Object

    0x20000000   0x000000b1   Data   RW           13    .data               main.o
    0x200000b1   0x00000001   Data   RW           64    .data               systick.o
    0x200000b2   0x00000006   PAD
    0x200000b8   0x00001000   Zero   RW            1    STACK               startup.o


==============================================================================

Image component sizes


      Code (inc. data)   RO Data    RW Data    ZI Data      Debug   Object Name

      1340        124          0        177          0      11638   main.o
       252        242          0          0       4096        200   startup.o
        60          4          0          1          0        957   systick.o

    ----------------------------------------------------------------------
      1652        370         32        180       4100      12795   Object Totals
         0          0         32          0          0          0   (incl. Generated)
         0          0          0          2          4          0   (incl. Padding)

    ----------------------------------------------------------------------

      Code (inc. data)   RO Data    RW Data    ZI Data      Debug   Library Member Name

         0          0          0          0          0          0   entry.o
         8          4          0          0          0          0   entry2.o
         4          0          0          0          0          0   entry5.o
         0          0          0          0          0          0   entry7b.o
         8          4          0          0          0          0   entry8.o
        30          0          0          0          0          0   handlers.o
        36          8          0          0          0         68   init.o
       140          6          0          0          0        451   pll.o
        84         28          0          0          0       3180   portc_init.o

    ----------------------------------------------------------------------
       312         50          0          0          0       3699   Library Totals
         2          0          0          0          0          0   (incl. Padding)

    ----------------------------------------------------------------------

      Code (inc. data)   RO Data    RW Data    ZI Data      Debug   Library Name

        86         16          0          0          0         68   mc_w.l
       140          6          0          0          0        451   pll.lib
        84         28          0          0          0       3180   portC_init.lib

    ----------------------------------------------------------------------
       312         50          0          0          0       3699   Library Totals

    ----------------------------------------------------------------------

==============================================================================


      Code (inc. data)   RO Data    RW Data    ZI Data      Debug   

      1964        420         32        180       4100      16094   Grand Totals
      1964        420         32        180       4100      16094   ELF Image Totals
      1964        420         32        180          0          0   ROM Totals

==============================================================================

    Total RO  Size (Code + RO Data)                 1996 (   1.95kB)
    Total RW  Size (RW Data + ZI Data)              4280 (   4.18kB)
    Total ROM Size (Code + RO Data + RW Data)       2176 (   2.13kB)

==============================================================================

